python: can't open file 'D:\Job\mag_face_testing\scripts\test_pipeline.py': [Errno 2] No such file or directory

ERROR conda.cli.main_run:execute(127): `conda run python scripts/test_pipeline.py` failed. (See above for error)
